[GIN-debug] [WARNING] Running in "debug" mode. Switch to "release" mode in production.
 - using env:	export GIN_MODE=release
 - using code:	gin.SetMode(gin.ReleaseMode)

2025/08/19 10:37:12 Redis pub/sub listener would start here
[GIN-debug] GET    /health                   --> main.setupRouter.healthCheck.func9 (11 handlers)
[GIN-debug] POST   /api/v1/auth/register     --> macwrite-auth-api/internal/handler.(*AuthHandler).Register-fm (12 handlers)
[GIN-debug] POST   /api/v1/auth/login        --> macwrite-auth-api/internal/handler.(*AuthHandler).Login-fm (13 handlers)
[GIN-debug] POST   /api/v1/auth/refresh      --> macwrite-auth-api/internal/handler.(*AuthHandler).RefreshToken-fm (12 handlers)
[GIN-debug] GET    /api/v1/auth/google       --> macwrite-auth-api/internal/handler.(*OAuthHandler).GoogleAuth-fm (12 handlers)
[GIN-debug] GET    /api/v1/auth/google/callback --> macwrite-auth-api/internal/handler.(*OAuthHandler).GoogleCallback-fm (12 handlers)
[GIN-debug] GET    /api/v1/auth/oauth/providers --> macwrite-auth-api/internal/handler.(*OAuthHandler).GetOAuthProviders-fm (11 handlers)
[GIN-debug] POST   /api/v1/auth/login/initiate --> macwrite-auth-api/internal/handler.(*LoginHandler).InitiateLogin-fm (12 handlers)
[GIN-debug] POST   /api/v1/auth/login/verify --> macwrite-auth-api/internal/handler.(*LoginHandler).VerifyLogin-fm (12 handlers)
[GIN-debug] POST   /api/v1/auth/login/resend --> macwrite-auth-api/internal/handler.(*LoginHandler).ResendOTP-fm (12 handlers)
[GIN-debug] GET    /api/v1/auth/check-email  --> macwrite-auth-api/internal/handler.(*LoginHandler).CheckEmail-fm (12 handlers)
[GIN-debug] GET    /api/v1/auth/check-username --> macwrite-auth-api/internal/handler.(*AuthHandler).CheckUsernameAvailability-fm (12 handlers)
[GIN-debug] POST   /api/v1/auth/logout       --> macwrite-auth-api/internal/handler.(*AuthHandler).Logout-fm (12 handlers)
[GIN-debug] POST   /api/v1/auth/logout/otp   --> macwrite-auth-api/internal/handler.(*LoginHandler).Logout-fm (12 handlers)
[GIN-debug] GET    /api/v1/auth/validate     --> macwrite-auth-api/internal/handler.(*AuthHandler).ValidateToken-fm (12 handlers)
[GIN-debug] GET    /api/v1/auth/me           --> macwrite-auth-api/internal/handler.(*AuthHandler).Me-fm (12 handlers)
[GIN-debug] GET    /api/v1/auth/profile      --> macwrite-auth-api/internal/handler.(*AuthHandler).GetProfile-fm (12 handlers)
[GIN-debug] PUT    /api/v1/auth/profile      --> macwrite-auth-api/internal/handler.(*AuthHandler).UpdateProfile-fm (12 handlers)
[GIN-debug] POST   /api/v1/auth/change-password --> macwrite-auth-api/internal/handler.(*AuthHandler).ChangePassword-fm (13 handlers)
[GIN-debug] POST   /api/v1/auth/google/connect --> macwrite-auth-api/internal/handler.(*OAuthHandler).GoogleConnect-fm (12 handlers)
[GIN-debug] POST   /api/v1/auth/google/disconnect --> macwrite-auth-api/internal/handler.(*OAuthHandler).GoogleDisconnect-fm (12 handlers)
[GIN-debug] GET    /api/v1/auth/oauth/accounts --> macwrite-auth-api/internal/handler.(*OAuthHandler).GetConnectedAccounts-fm (12 handlers)
[GIN-debug] POST   /api/v1/auth/oauth/:provider/refresh --> macwrite-auth-api/internal/handler.(*OAuthHandler).RefreshOAuthToken-fm (12 handlers)
[GIN-debug] POST   /api/v1/auth/oauth/:provider/revoke --> macwrite-auth-api/internal/handler.(*OAuthHandler).RevokeOAuthToken-fm (12 handlers)
[GIN-debug] POST   /api/v1/ai/conversations  --> macwrite-auth-api/internal/handler.(*AIConversationHandler).CreateConversation-fm (13 handlers)
[GIN-debug] GET    /api/v1/ai/conversations  --> macwrite-auth-api/internal/handler.(*AIConversationHandler).GetConversations-fm (13 handlers)
[GIN-debug] GET    /api/v1/ai/conversations/search --> macwrite-auth-api/internal/handler.(*AIConversationHandler).SearchConversations-fm (13 handlers)
[GIN-debug] GET    /api/v1/ai/conversations/:id --> macwrite-auth-api/internal/handler.(*AIConversationHandler).GetConversation-fm (13 handlers)
[GIN-debug] GET    /api/v1/ai/conversations/:id/interactions --> macwrite-auth-api/internal/handler.(*AIConversationHandler).GetConversationWithInteractions-fm (13 handlers)
[GIN-debug] PUT    /api/v1/ai/conversations/:id --> macwrite-auth-api/internal/handler.(*AIConversationHandler).UpdateConversation-fm (13 handlers)
[GIN-debug] DELETE /api/v1/ai/conversations/:id --> macwrite-auth-api/internal/handler.(*AIConversationHandler).DeleteConversation-fm (13 handlers)
[GIN-debug] POST   /api/v1/ai/conversations/:id/archive --> macwrite-auth-api/internal/handler.(*AIConversationHandler).ArchiveConversation-fm (13 handlers)
[GIN-debug] POST   /api/v1/ai/interactions   --> macwrite-auth-api/internal/handler.(*AIConversationHandler).CreateInteraction-fm (13 handlers)
[GIN-debug] GET    /api/v1/ai/interactions/:id --> macwrite-auth-api/internal/handler.(*AIConversationHandler).GetInteraction-fm (13 handlers)
[GIN-debug] POST   /api/v1/ai/feedback       --> macwrite-auth-api/internal/handler.(*AIConversationHandler).CreateFeedback-fm (13 handlers)
[GIN-debug] GET    /api/v1/ai/interactions/:id/feedback --> macwrite-auth-api/internal/handler.(*AIConversationHandler).GetFeedback-fm (13 handlers)
[GIN-debug] GET    /api/v1/ai/analytics      --> macwrite-auth-api/internal/handler.(*AIConversationHandler).GetAnalytics-fm (13 handlers)
[GIN-debug] GET    /api/v1/ai/analytics/summary --> macwrite-auth-api/internal/handler.(*AIConversationHandler).GetUserSummary-fm (13 handlers)
[GIN-debug] POST   /api/v1/ai/cache/invalidate --> macwrite-auth-api/internal/handler.(*AIConversationHandler).InvalidateCache-fm (13 handlers)
[GIN-debug] POST   /api/v1/ai/cache/warm     --> macwrite-auth-api/internal/handler.(*AIConversationHandler).WarmCache-fm (13 handlers)
[GIN-debug] GET    /api/v1/ai/health         --> macwrite-auth-api/internal/handler.(*AIConversationHandler).GetSystemHealth-fm (12 handlers)
[GIN-debug] POST   /api/v1/todo/projects     --> macwrite-auth-api/internal/handler.(*ProjectHandler).CreateProject-fm (12 handlers)
[GIN-debug] GET    /api/v1/todo/projects     --> macwrite-auth-api/internal/handler.(*ProjectHandler).GetUserProjects-fm (12 handlers)
[GIN-debug] GET    /api/v1/todo/projects/:id --> macwrite-auth-api/internal/handler.(*ProjectHandler).GetProject-fm (12 handlers)
[GIN-debug] PUT    /api/v1/todo/projects/:id --> macwrite-auth-api/internal/handler.(*ProjectHandler).UpdateProject-fm (12 handlers)
[GIN-debug] DELETE /api/v1/todo/projects/:id --> macwrite-auth-api/internal/handler.(*ProjectHandler).DeleteProject-fm (12 handlers)
[GIN-debug] POST   /api/v1/todo/projects/:id/archive --> macwrite-auth-api/internal/handler.(*ProjectHandler).ArchiveProject-fm (12 handlers)
[GIN-debug] POST   /api/v1/todo/projects/:id/restore --> macwrite-auth-api/internal/handler.(*ProjectHandler).RestoreProject-fm (12 handlers)
[GIN-debug] GET    /api/v1/todo/projects/stats --> macwrite-auth-api/internal/handler.(*ProjectHandler).GetProjectStats-fm (12 handlers)
[GIN-debug] GET    /api/v1/todo/projects/favorites --> macwrite-auth-api/internal/handler.(*ProjectHandler).GetFavoriteProjects-fm (12 handlers)
[GIN-debug] GET    /api/v1/todo/projects/category/:category --> macwrite-auth-api/internal/handler.(*ProjectHandler).GetProjectsByCategory-fm (12 handlers)
[GIN-debug] GET    /api/v1/todo/projects/search --> macwrite-auth-api/internal/handler.(*ProjectHandler).SearchProjects-fm (12 handlers)
[GIN-debug] GET    /api/v1/todo/projects/dashboard --> macwrite-auth-api/internal/handler.(*ProjectHandler).GetProjectDashboard-fm (12 handlers)
[GIN-debug] GET    /api/v1/todo/projects/:id/todos --> macwrite-auth-api/internal/handler.(*TodoHandler).GetProjectTodos-fm (12 handlers)
[GIN-debug] GET    /api/v1/todo/projects/:id/kanban --> macwrite-auth-api/internal/handler.(*TodoHandler).GetProjectKanbanBoard-fm (12 handlers)
[GIN-debug] GET    /api/v1/todo/projects/:id/release-versions --> macwrite-auth-api/internal/handler.(*ReleaseVersionHandler).GetProjectReleaseVersions-fm (12 handlers)
[GIN-debug] GET    /api/v1/todo/projects/:id/subtasks --> macwrite-auth-api/internal/handler.(*SubtaskHandler).GetSubtasksByProjectID-fm (12 handlers)
[GIN-debug] POST   /api/v1/todo/todos        --> macwrite-auth-api/internal/handler.(*TodoHandler).CreateTodo-fm (12 handlers)
[GIN-debug] GET    /api/v1/todo/todos        --> macwrite-auth-api/internal/handler.(*TodoHandler).GetUserTodos-fm (12 handlers)
[GIN-debug] GET    /api/v1/todo/todos/:id    --> macwrite-auth-api/internal/handler.(*TodoHandler).GetTodo-fm (12 handlers)
[GIN-debug] PUT    /api/v1/todo/todos/:id    --> macwrite-auth-api/internal/handler.(*TodoHandler).UpdateTodo-fm (12 handlers)
[GIN-debug] DELETE /api/v1/todo/todos/:id    --> macwrite-auth-api/internal/handler.(*TodoHandler).DeleteTodo-fm (12 handlers)
[GIN-debug] POST   /api/v1/todo/todos/:id/archive --> macwrite-auth-api/internal/handler.(*TodoHandler).ArchiveTodo-fm (12 handlers)
[GIN-debug] POST   /api/v1/todo/todos/:id/complete --> macwrite-auth-api/internal/handler.(*TodoHandler).MarkTodoComplete-fm (12 handlers)
[GIN-debug] POST   /api/v1/todo/todos/:id/incomplete --> macwrite-auth-api/internal/handler.(*TodoHandler).MarkTodoIncomplete-fm (12 handlers)
[GIN-debug] POST   /api/v1/todo/todos/:id/pin --> macwrite-auth-api/internal/handler.(*TodoHandler).PinTodo-fm (12 handlers)
[GIN-debug] GET    /api/v1/todo/todos/dashboard --> macwrite-auth-api/internal/handler.(*TodoHandler).GetTodoDashboard-fm (12 handlers)
[GIN-debug] GET    /api/v1/todo/todos/overdue --> macwrite-auth-api/internal/handler.(*TodoHandler).GetOverdueTodos-fm (12 handlers)
[GIN-debug] GET    /api/v1/todo/todos/search --> macwrite-auth-api/internal/handler.(*TodoHandler).SearchTodos-fm (12 handlers)
[GIN-debug] POST   /api/v1/todo/todos/move   --> macwrite-auth-api/internal/handler.(*TodoHandler).MoveTodoToColumn-fm (12 handlers)
[GIN-debug] POST   /api/v1/todo/todos/reorder --> macwrite-auth-api/internal/handler.(*TodoHandler).ReorderTodosInColumn-fm (12 handlers)
[GIN-debug] POST   /api/v1/todo/todos/bulk-move --> macwrite-auth-api/internal/handler.(*TodoHandler).BulkMoveTodos-fm (12 handlers)
[GIN-debug] POST   /api/v1/todo/todos/:id/subtasks --> macwrite-auth-api/internal/handler.(*SubtaskHandler).CreateSubtask-fm (12 handlers)
[GIN-debug] GET    /api/v1/todo/todos/:id/subtasks --> macwrite-auth-api/internal/handler.(*SubtaskHandler).GetSubtasks-fm (12 handlers)
[GIN-debug] POST   /api/v1/todo/todos/:id/subtasks/reorder --> macwrite-auth-api/internal/handler.(*SubtaskHandler).ReorderSubtasks-fm (12 handlers)
[GIN-debug] POST   /api/v1/todo/todos/:id/notes --> macwrite-auth-api/internal/handler.(*NoteHandler).CreateNote-fm (12 handlers)
[GIN-debug] GET    /api/v1/todo/todos/:id/notes --> macwrite-auth-api/internal/handler.(*NoteHandler).GetNotes-fm (12 handlers)
[GIN-debug] GET    /api/v1/todo/todos/:id/notes/search --> macwrite-auth-api/internal/handler.(*NoteHandler).SearchNotes-fm (12 handlers)
[GIN-debug] PUT    /api/v1/todo/subtasks/:id --> macwrite-auth-api/internal/handler.(*SubtaskHandler).UpdateSubtask-fm (12 handlers)
[GIN-debug] DELETE /api/v1/todo/subtasks/:id --> macwrite-auth-api/internal/handler.(*SubtaskHandler).DeleteSubtask-fm (12 handlers)
[GIN-debug] PUT    /api/v1/todo/notes/:id    --> macwrite-auth-api/internal/handler.(*NoteHandler).UpdateNote-fm (12 handlers)
[GIN-debug] DELETE /api/v1/todo/notes/:id    --> macwrite-auth-api/internal/handler.(*NoteHandler).DeleteNote-fm (12 handlers)
[GIN-debug] POST   /api/v1/todo/release-versions --> macwrite-auth-api/internal/handler.(*ReleaseVersionHandler).CreateReleaseVersion-fm (12 handlers)
[GIN-debug] GET    /api/v1/todo/release-versions/:id --> macwrite-auth-api/internal/handler.(*ReleaseVersionHandler).GetReleaseVersion-fm (12 handlers)
[GIN-debug] PUT    /api/v1/todo/release-versions/:id --> macwrite-auth-api/internal/handler.(*ReleaseVersionHandler).UpdateReleaseVersion-fm (12 handlers)
[GIN-debug] DELETE /api/v1/todo/release-versions/:id --> macwrite-auth-api/internal/handler.(*ReleaseVersionHandler).DeleteReleaseVersion-fm (12 handlers)
[GIN-debug] POST   /api/v1/todo/release-versions/:id/release --> macwrite-auth-api/internal/handler.(*ReleaseVersionHandler).MarkAsReleased-fm (12 handlers)
[GIN-debug] GET    /api/v1/todo/release-versions/upcoming --> macwrite-auth-api/internal/handler.(*ReleaseVersionHandler).GetUpcomingReleases-fm (12 handlers)
[GIN-debug] GET    /api/v1/todo/release-versions/overdue --> macwrite-auth-api/internal/handler.(*ReleaseVersionHandler).GetOverdueReleases-fm (12 handlers)
[GIN-debug] GET    /api/v1/todo/release-versions/:id/stats --> macwrite-auth-api/internal/handler.(*ReleaseVersionHandler).GetReleaseStats-fm (12 handlers)
[GIN-debug] GET    /api/v1/todo/release-versions/:id/todos --> macwrite-auth-api/internal/handler.(*ReleaseVersionHandler).GetReleaseTodosProgress-fm (12 handlers)
[GIN-debug] POST   /api/v1/todo/scheduled-tasks --> macwrite-auth-api/internal/handler.(*ScheduledTaskHandler).CreateScheduledTask-fm (12 handlers)
[GIN-debug] GET    /api/v1/todo/scheduled-tasks --> macwrite-auth-api/internal/handler.(*ScheduledTaskHandler).GetUserScheduledTasks-fm (12 handlers)
[GIN-debug] PUT    /api/v1/todo/scheduled-tasks/:id --> macwrite-auth-api/internal/handler.(*ScheduledTaskHandler).UpdateScheduledTask-fm (12 handlers)
[GIN-debug] DELETE /api/v1/todo/scheduled-tasks/:id --> macwrite-auth-api/internal/handler.(*ScheduledTaskHandler).DeleteScheduledTask-fm (12 handlers)
[GIN-debug] POST   /api/v1/todo/time-entries/start --> macwrite-auth-api/internal/handler.(*TimeEntryHandler).StartTimeTracking-fm (12 handlers)
[GIN-debug] POST   /api/v1/todo/time-entries/stop --> macwrite-auth-api/internal/handler.(*TimeEntryHandler).StopTimeTracking-fm (12 handlers)
[GIN-debug] GET    /api/v1/todo/time-entries/active --> macwrite-auth-api/internal/handler.(*TimeEntryHandler).GetActiveTimeEntry-fm (12 handlers)
[GIN-debug] GET    /api/v1/todo/time-entries --> macwrite-auth-api/internal/handler.(*TimeEntryHandler).GetUserTimeEntries-fm (12 handlers)
[GIN-debug] POST   /api/v1/todo/breaks/start --> macwrite-auth-api/internal/handler.(*BreakHandler).StartBreak-fm (12 handlers)
[GIN-debug] POST   /api/v1/todo/breaks/stop  --> macwrite-auth-api/internal/handler.(*BreakHandler).StopBreak-fm (12 handlers)
[GIN-debug] GET    /api/v1/todo/breaks/active --> macwrite-auth-api/internal/handler.(*BreakHandler).GetActiveBreak-fm (12 handlers)
[GIN-debug] GET    /api/v1/todo/breaks/history --> macwrite-auth-api/internal/handler.(*BreakHandler).GetBreakHistory-fm (12 handlers)
[GIN-debug] GET    /api/v1/todo/breaks/stats --> macwrite-auth-api/internal/handler.(*BreakHandler).GetBreakStats-fm (12 handlers)
[GIN-debug] GET    /api/v1/todo/breaks/todo/:todo_id --> macwrite-auth-api/internal/handler.(*BreakHandler).GetBreaksByTodo-fm (12 handlers)
[GIN-debug] GET    /api/v1/todo/breaks/project/:project_id --> macwrite-auth-api/internal/handler.(*BreakHandler).GetBreaksByProject-fm (12 handlers)
[GIN-debug] GET    /api/v1/todo/dashboard/projects --> macwrite-auth-api/internal/handler.(*ProjectHandler).GetProjectDashboard-fm (12 handlers)
[GIN-debug] GET    /api/v1/todo/dashboard/todos --> macwrite-auth-api/internal/handler.(*TodoHandler).GetTodoDashboard-fm (12 handlers)
[GIN-debug] GET    /api/v1/todo/dashboard/overdue --> macwrite-auth-api/internal/handler.(*TodoHandler).GetOverdueTodos-fm (12 handlers)
[GIN-debug] GET    /api/v1/todo/dashboard/upcoming-releases --> macwrite-auth-api/internal/handler.(*ReleaseVersionHandler).GetUpcomingReleases-fm (12 handlers)
[GIN-debug] GET    /api/v1/todo/dashboard/overdue-releases --> macwrite-auth-api/internal/handler.(*ReleaseVersionHandler).GetOverdueReleases-fm (12 handlers)
[GIN-debug] GET    /api/v1/todo/dashboard/scheduled-tasks --> macwrite-auth-api/internal/handler.(*ScheduledTaskHandler).GetUserScheduledTasks-fm (12 handlers)
[GIN-debug] GET    /api/v1/todo/dashboard/active-time --> macwrite-auth-api/internal/handler.(*TimeEntryHandler).GetActiveTimeEntry-fm (12 handlers)
[GIN-debug] GET    /api/v1/todo/analytics/project-stats --> macwrite-auth-api/internal/handler.(*ProjectHandler).GetProjectStats-fm (12 handlers)
[GIN-debug] GET    /api/v1/todo/analytics/release-stats/:id --> macwrite-auth-api/internal/handler.(*ReleaseVersionHandler).GetReleaseStats-fm (12 handlers)
[GIN-debug] GET    /api/v1/todo/search/projects --> macwrite-auth-api/internal/handler.(*ProjectHandler).SearchProjects-fm (12 handlers)
[GIN-debug] GET    /api/v1/todo/search/todos --> macwrite-auth-api/internal/handler.(*TodoHandler).SearchTodos-fm (12 handlers)
[GIN-debug] GET    /api/v1/reports/overview  --> macwrite-auth-api/internal/handler.(*ReportsHandler).GetReportsOverview-fm (13 handlers)
[GIN-debug] GET    /api/v1/reports/tasks     --> macwrite-auth-api/internal/handler.(*ReportsHandler).GetTaskReport-fm (13 handlers)
[GIN-debug] GET    /api/v1/reports/projects  --> macwrite-auth-api/internal/handler.(*ReportsHandler).GetProjectReport-fm (13 handlers)
[GIN-debug] GET    /api/v1/reports/analysis  --> macwrite-auth-api/internal/handler.(*ReportsHandler).GetAnalysisReport-fm (13 handlers)
[GIN-debug] GET    /api/v1/reports/comparison --> macwrite-auth-api/internal/handler.(*ReportsHandler).GetComparisonReport-fm (13 handlers)
[GIN-debug] GET    /api/v1/reports/projects/:project_id/drill-down --> macwrite-auth-api/internal/handler.(*ReportsHandler).GetDrillDownReport-fm (13 handlers)
[GIN-debug] POST   /api/v1/reports/export    --> macwrite-auth-api/internal/handler.(*ReportsHandler).ExportReport-fm (13 handlers)
[GIN-debug] POST   /api/v1/reports/cache/invalidate --> macwrite-auth-api/internal/handler.(*ReportsHandler).InvalidateCache-fm (13 handlers)
[GIN-debug] GET    /api/v1/ws/connect        --> macwrite-auth-api/internal/handler.(*WebSocketHandler).HandleWebSocketConnection-fm (12 handlers)
[GIN-debug] GET    /api/v1/ws/users          --> macwrite-auth-api/internal/handler.(*WebSocketHandler).GetConnectedUsers-fm (12 handlers)
[GIN-debug] GET    /api/v1/ws/sessions       --> macwrite-auth-api/internal/handler.(*WebSocketHandler).GetUserSessions-fm (12 handlers)
[GIN-debug] GET    /api/v1/ws/status         --> macwrite-auth-api/internal/handler.(*WebSocketHandler).GetSystemStatus-fm (12 handlers)
[GIN-debug] GET    /api/v1/ws/focus          --> macwrite-auth-api/internal/handler.(*WebSocketHandler).GetActiveFocusSession-fm (12 handlers)
[GIN-debug] POST   /api/v1/ws/focus/start    --> macwrite-auth-api/internal/handler.(*WebSocketHandler).StartFocusSession-fm (12 handlers)
[GIN-debug] POST   /api/v1/ws/focus/end      --> macwrite-auth-api/internal/handler.(*WebSocketHandler).EndFocusSession-fm (12 handlers)
[GIN-debug] POST   /api/v1/ws/broadcast      --> macwrite-auth-api/internal/handler.(*WebSocketHandler).BroadcastNotification-fm (12 handlers)
[GIN-debug] POST   /api/v1/ws/api/todos      --> macwrite-auth-api/internal/handler.(*WebSocketTodoHandler).CreateTodo-fm (12 handlers)
[GIN-debug] PUT    /api/v1/ws/api/todos/:id  --> macwrite-auth-api/internal/handler.(*WebSocketTodoHandler).UpdateTodo-fm (12 handlers)
[GIN-debug] DELETE /api/v1/ws/api/todos/:id  --> macwrite-auth-api/internal/handler.(*WebSocketTodoHandler).DeleteTodo-fm (12 handlers)
[GIN-debug] POST   /api/v1/ws/api/todos/:id/complete --> macwrite-auth-api/internal/handler.(*WebSocketTodoHandler).MarkTodoComplete-fm (12 handlers)
[GIN-debug] POST   /api/v1/ws/api/todos/:id/incomplete --> macwrite-auth-api/internal/handler.(*WebSocketTodoHandler).MarkTodoIncomplete-fm (12 handlers)
[GIN-debug] POST   /api/v1/ws/api/todos/:id/pin --> macwrite-auth-api/internal/handler.(*WebSocketTodoHandler).PinTodo-fm (12 handlers)
[GIN-debug] POST   /api/v1/ws/api/todos/bulk-update --> macwrite-auth-api/internal/handler.(*WebSocketTodoHandler).BulkUpdateTodos-fm (12 handlers)
[GIN-debug] POST   /api/v1/ws/api/todos/move --> macwrite-auth-api/internal/handler.(*WebSocketTodoHandler).MoveTodoToColumn-fm (12 handlers)
[GIN-debug] POST   /api/v1/ws/api/todos/reorder --> macwrite-auth-api/internal/handler.(*WebSocketTodoHandler).ReorderTodosInColumn-fm (12 handlers)
[GIN-debug] POST   /api/v1/ws/api/todos/bulk-move --> macwrite-auth-api/internal/handler.(*WebSocketTodoHandler).BulkMoveTodos-fm (12 handlers)
[GIN-debug] POST   /api/v1/ws/api/todos/:id/subtasks --> macwrite-auth-api/internal/handler.(*WebSocketSubtaskHandler).CreateSubtask-fm (12 handlers)
[GIN-debug] POST   /api/v1/ws/api/todos/:id/subtasks/reorder --> macwrite-auth-api/internal/handler.(*WebSocketSubtaskHandler).ReorderSubtasks-fm (12 handlers)
[GIN-debug] PUT    /api/v1/ws/api/subtasks/:id --> macwrite-auth-api/internal/handler.(*WebSocketSubtaskHandler).UpdateSubtask-fm (12 handlers)
[GIN-debug] DELETE /api/v1/ws/api/subtasks/:id --> macwrite-auth-api/internal/handler.(*WebSocketSubtaskHandler).DeleteSubtask-fm (12 handlers)
[GIN-debug] POST   /api/v1/ws/api/projects   --> macwrite-auth-api/internal/handler.(*WebSocketProjectHandler).CreateProject-fm (12 handlers)
[GIN-debug] PUT    /api/v1/ws/api/projects/:id --> macwrite-auth-api/internal/handler.(*WebSocketProjectHandler).UpdateProject-fm (12 handlers)
[GIN-debug] DELETE /api/v1/ws/api/projects/:id --> macwrite-auth-api/internal/handler.(*WebSocketProjectHandler).DeleteProject-fm (12 handlers)
[GIN-debug] POST   /api/v1/ws/api/projects/:id/archive --> macwrite-auth-api/internal/handler.(*WebSocketProjectHandler).ArchiveProject-fm (12 handlers)
[GIN-debug] GET    /docs/*any                --> main.setupRouter.func1 (11 handlers)
2025/08/19 10:37:12 Starting MacWrite Auth API server on port 8080
2025/08/19 10:37:12 Environment: development
2025/08/19 10:37:12 Version: 1.0.0
2025/08/19 10:37:12 Server URL: http://localhost:8080
[2025/08/19 - 10:37:21] GET /api/v1/reports/overview?date_range=weekly&page=1&limit=50 500 72.427292ms 127.0.0.1 
[2025/08/19 - 10:37:21] GET /api/v1/reports/overview?date_range=lastMonth&page=1&limit=50 500 361.25µs 127.0.0.1 
[2025/08/19 - 10:37:22] GET /api/v1/reports/overview?date_range=monthly&page=1&limit=50 500 2.175583ms 127.0.0.1 
[2025/08/19 - 10:37:22] GET /api/v1/reports/overview?date_range=monthly&page=1&limit=50 500 3.199291ms ::1 
[2025/08/19 - 10:37:26] GET /api/v1/reports/overview?date_range=monthly&page=1&limit=50 500 2.821125ms 127.0.0.1 
[2025/08/19 - 10:37:26] GET /api/v1/reports/overview?date_range=monthly&page=1&limit=50 500 2.355417ms 127.0.0.1 
[2025/08/19 - 10:37:26] GET /api/v1/reports/overview?date_range=monthly&page=1&limit=50 500 3.682583ms 127.0.0.1 
[2025/08/19 - 10:37:26] GET /api/v1/reports/overview?date_range=monthly&page=1&limit=50 500 2.294834ms 127.0.0.1 
[2025/08/19 - 10:37:26] GET /api/v1/reports/overview?date_range=monthly&page=1&limit=50 500 2.336625ms 127.0.0.1 
[2025/08/19 - 10:39:55] GET /api/v1/reports/overview?date_range=monthly&page=1&limit=50 500 57.7445ms ::1 
